2026-05-18 01:17:26,767 - INFO - Iniciando o processo ETL.
2026-05-18 01:17:26,767 - INFO - Estabelecendo conexão com o banco de dados.
2026-05-18 01:17:26,806 - INFO - Conexão com o banco de dados estabelecida com sucesso.
2026-05-18 01:18:17,658 - INFO - Iniciando o processo ETL.
2026-05-18 01:18:17,659 - INFO - Estabelecendo conexão com o banco de dados.
2026-05-18 01:18:17,659 - INFO - Conexão com o banco de dados estabelecida com sucesso.
2026-05-18 01:18:17,720 - INFO - Iniciando o Truncate Table.
2026-05-18 01:18:17,810 - INFO - Truncate table realizado com sucesso.
2026-05-18 01:18:17,816 - INFO - Iniciando leitura do CSV.
2026-05-18 01:18:29,027 - INFO - Transformando dados do DataFrame para o formato de inserção.
2026-05-18 01:19:26,848 - INFO - Iniciando o processo ETL.
2026-05-18 01:19:26,848 - INFO - Estabelecendo conexão com o banco de dados.
2026-05-18 01:19:26,859 - INFO - Conexão com o banco de dados estabelecida com sucesso.
2026-05-18 01:19:26,934 - INFO - Iniciando o Truncate Table.
2026-05-18 01:19:26,938 - INFO - Truncate table realizado com sucesso.
2026-05-18 01:19:26,946 - INFO - Iniciando leitura do CSV.
2026-05-18 01:19:36,869 - INFO - Transformando dados do DataFrame para o formato de inserção.
2026-05-18 01:21:13,203 - INFO - Iniciando o processo ETL.
2026-05-18 01:21:13,204 - INFO - Estabelecendo conexão com o banco de dados.
2026-05-18 01:21:13,214 - INFO - Conexão com o banco de dados estabelecida com sucesso.
2026-05-18 01:21:13,272 - INFO - Iniciando o Truncate Table.
2026-05-18 01:21:13,275 - INFO - Truncate table realizado com sucesso.
2026-05-18 01:21:13,280 - INFO - Iniciando leitura do CSV.
2026-05-18 01:21:23,304 - INFO - Transformando dados do DataFrame para o formato de inserção.
2026-05-18 01:23:35,157 - INFO - Iniciando o processo ETL.
2026-05-18 01:23:35,158 - INFO - Estabelecendo conexão com o banco de dados.
2026-05-18 01:23:35,181 - INFO - Conexão com o banco de dados estabelecida com sucesso.
2026-05-18 01:23:35,181 - INFO - Iniciando leitura do CSV.
2026-05-18 01:23:45,146 - INFO - Transformando dados do DataFrame para o formato de inserção.
2026-05-18 01:27:09,569 - INFO - Iniciando o processo ETL.
2026-05-18 01:27:09,569 - INFO - Estabelecendo conexão com o banco de dados.
2026-05-18 01:27:09,581 - INFO - Conexão com o banco de dados estabelecida com sucesso.
2026-05-18 01:27:09,581 - INFO - Iniciando leitura do CSV.
2026-05-18 01:27:23,430 - INFO - Transformando dados do DataFrame para o formato de inserção.
2026-05-18 01:27:43,831 - INFO - Arquivo processado e salvo com sucesso.
2026-05-18 01:27:44,060 - INFO - Iniciando o Truncate Table.
2026-05-18 01:27:44,061 - INFO - Truncate table realizado com sucesso.
2026-05-18 01:28:59,569 - INFO - Iniciando o processo ETL.
2026-05-18 01:28:59,569 - INFO - Estabelecendo conexão com o banco de dados.
2026-05-18 01:28:59,583 - INFO - Conexão com o banco de dados estabelecida com sucesso.
2026-05-18 01:28:59,583 - INFO - Iniciando leitura do CSV.
2026-05-18 01:29:12,762 - INFO - Transformando dados do DataFrame para o formato de inserção.
2026-05-18 01:29:32,527 - INFO - Arquivo processado e salvo com sucesso.
2026-05-18 01:29:32,713 - INFO - Iniciando o Truncate Table.
2026-05-18 01:29:32,714 - INFO - Truncate table realizado com sucesso.
2026-05-18 01:29:32,721 - INFO - Iniciando o Bulk Insert.
2026-05-18 01:31:32,370 - INFO - Bulk insert realizado com sucesso.
